fixtures/psr2.invalid.php
+--------------------------------------------------------------+-------------+
| Source                                                       | Occurrences |
+--------------------------------------------------------------+-------------+
| PSR1.Classes.ClassDeclaration.MissingNamespace               |           1 |
| PSR2.Classes.ClassDeclaration.OpenBraceNewLine               |           1 |
| Squiz.Functions.MultiLineFunctionDeclaration.BraceOnSameLine |           1 |
| PSR2.Classes.ClassDeclaration.CloseBraceAfterBody            |           1 |
+--------------------------------------------------------------+-------------+
