<?xml version="1.0" encoding="UTF-8"?>
<checkstyle version="2.7.0">
<file name="fixtures/psr2.invalid.php">
 <error line="3" column="1" severity="error" message="Each class must be in a namespace of at least one level (a top-level vendor name)" source="PSR1.Classes.ClassDeclaration.MissingNamespace"/>
 <error line="3" column="11" severity="error" message="Opening brace of a class must be on the line after the definition" source="PSR2.Classes.ClassDeclaration.OpenBraceNewLine"/>
 <error line="5" column="34" severity="error" message="Opening brace should be on a new line" source="Squiz.Functions.MultiLineFunctionDeclaration.BraceOnSameLine"/>
 <error line="9" column="1" severity="error" message="The closing brace for the class must go on the next line after the body" source="PSR2.Classes.ClassDeclaration.CloseBraceAfterBody"/>
</file>
</checkstyle>

